// Jest Snapshot v1, https://goo.gl/fbAQLP

exports[`serializers connection matches snapshot 1`] = `"{\\"ready\\":true,\\"dateSent\\":1514779200000,\\"user\\":{\\"id\\":\\"1\\",\\"fullName\\":\\"Sieg Collado\\",\\"role\\":\\"Doctor\\"}}"`;

exports[`serializers end-session matches snapshot 1`] = `"{\\"dateSent\\":1514779200000,\\"user\\":{\\"id\\":\\"1\\",\\"fullName\\":\\"Sieg Collado\\",\\"role\\":\\"Doctor\\"}}"`;

exports[`serializers invite to video matches snapshot 1`] = `"{\\"dateSent\\":1514779200000,\\"user\\":{\\"id\\":\\"1\\",\\"fullName\\":\\"Sieg Collado\\",\\"role\\":\\"Doctor\\"}}"`;

exports[`serializers message matches snapshot 1`] = `"{\\"id\\":\\"1\\",\\"body\\":\\"body\\",\\"dateSent\\":1514779200000,\\"user\\":{\\"id\\":\\"1\\",\\"fullName\\":\\"Sieg Collado\\",\\"role\\":\\"Doctor\\"}}"`;

exports[`serializers typing matches snapshot 1`] = `"{\\"isTyping\\":true,\\"dateSent\\":1514779200000,\\"user\\":{\\"id\\":\\"1\\",\\"fullName\\":\\"Sieg Collado\\",\\"role\\":\\"Doctor\\"}}"`;

exports[`serializers typing matches snapshot on false 1`] = `"{\\"isTyping\\":false,\\"dateSent\\":1514779200000,\\"user\\":{\\"id\\":\\"1\\",\\"fullName\\":\\"Sieg Collado\\",\\"role\\":\\"Doctor\\"}}"`;
